[[1,0,0,{"end_col":4,"priority":4096,"end_row":0,"hl_eol":false,"hl_group":"SidebarNvimNormal","right_gravity":true,"end_right_gravity":false}],[2,1,0,{"end_col":0,"priority":4096,"end_row":1,"hl_eol":false,"hl_group":"SidebarNvimNormal","right_gravity":true,"end_right_gravity":false}],[3,2,0,{"end_col":5,"priority":4096,"end_row":2,"hl_eol":false,"hl_group":"SidebarNvimNormal","right_gravity":true,"end_right_gravity":false}],[4,3,0,{"end_col":0,"priority":4096,"end_row":3,"hl_eol":false,"hl_group":"SidebarNvimNormal","right_gravity":true,"end_right_gravity":false}],[13,4,0,{"end_col":4,"priority":4096,"end_row":4,"hl_eol":false,"hl_group":"SidebarNvimNormal","right_gravity":true,"end_right_gravity":false}],[14,5,0,{"end_col":0,"priority":4096,"end_row":5,"hl_eol":false,"hl_group":"SidebarNvimNormal","right_gravity":true,"end_right_gravity":false}],[15,6,0,{"end_col":1,"priority":4096,"end_row":6,"hl_eol":false,"hl_group":"SidebarNvimNormal","right_gravity":true,"end_right_gravity":false}],[16,7,0,{"end_col":1,"priority":4096,"end_row":7,"hl_eol":false,"hl_group":"SidebarNvimNormal","right_gravity":true,"end_right_gravity":false}],[17,8,0,{"end_col":1,"priority":4096,"end_row":8,"hl_eol":false,"hl_group":"SidebarNvimNormal","right_gravity":true,"end_right_gravity":false}],[18,9,0,{"end_col":1,"priority":4096,"end_row":9,"hl_eol":false,"hl_group":"SidebarNvimNormal","right_gravity":true,"end_right_gravity":false}],[19,10,0,{"end_col":1,"priority":4096,"end_row":10,"hl_eol":false,"hl_group":"SidebarNvimNormal","right_gravity":true,"end_right_gravity":false}],[20,11,0,{"end_col":0,"priority":4096,"end_row":11,"hl_eol":false,"hl_group":"SidebarNvimNormal","right_gravity":true,"end_right_gravity":false}],[9,12,0,{"end_col":4,"priority":4096,"end_row":12,"hl_eol":false,"hl_group":"SidebarNvimNormal","right_gravity":true,"end_right_gravity":false}],[10,13,0,{"end_col":0,"priority":4096,"end_row":13,"hl_eol":false,"hl_group":"SidebarNvimNormal","right_gravity":true,"end_right_gravity":false}],[11,14,0,{"end_col":5,"priority":4096,"end_row":14,"hl_eol":false,"hl_group":"SidebarNvimNormal","right_gravity":true,"end_right_gravity":false}],[12,15,0,{"end_col":0,"priority":4096,"end_row":15,"hl_eol":false,"hl_group":"SidebarNvimNormal","right_gravity":true,"end_right_gravity":false}]]