# t1                                                                            
                                                                                
a1: 0                                                                           
                                                                                
# t2                                                                            
                                                                                
1                                                                               
2                                                                               
3                                                                               
4                                                                               
5                                                                               
                                                                                
# t3                                                                            
                                                                                
c3: 0                                                                           
                                                                                