[
  [
    1,
    0,
    0,
    {
      "end_row": 0,
      "end_col": 4,
      "priority": 4096,
      "right_gravity": true,
      "end_right_gravity": false,
      "hl_eol": false,
      "hl_group": "SidebarNvimNormal"
    }
  ],
  [
    2,
    1,
    0,
    {
      "end_row": 1,
      "end_col": 0,
      "priority": 4096,
      "right_gravity": true,
      "end_right_gravity": false,
      "hl_eol": false,
      "hl_group": "SidebarNvimNormal"
    }
  ],
  [
    3,
    2,
    0,
    {
      "end_row": 2,
      "end_col": 5,
      "priority": 4096,
      "right_gravity": true,
      "end_right_gravity": false,
      "hl_eol": false,
      "hl_group": "SidebarNvimNormal"
    }
  ],
  [
    4,
    3,
    0,
    {
      "end_row": 3,
      "end_col": 0,
      "priority": 4096,
      "right_gravity": true,
      "end_right_gravity": false,
      "hl_eol": false,
      "hl_group": "SidebarNvimNormal"
    }
  ],
  [
    5,
    4,
    0,
    {
      "end_row": 4,
      "end_col": 4,
      "priority": 4096,
      "right_gravity": true,
      "end_right_gravity": false,
      "hl_eol": false,
      "hl_group": "SidebarNvimNormal"
    }
  ],
  [
    6,
    5,
    0,
    {
      "end_row": 5,
      "end_col": 0,
      "priority": 4096,
      "right_gravity": true,
      "end_right_gravity": false,
      "hl_eol": false,
      "hl_group": "SidebarNvimNormal"
    }
  ],
  [
    7,
    6,
    0,
    {
      "end_row": 6,
      "end_col": 5,
      "priority": 4096,
      "right_gravity": true,
      "end_right_gravity": false,
      "hl_eol": false,
      "hl_group": "SidebarNvimNormal"
    }
  ],
  [
    8,
    7,
    0,
    {
      "end_row": 7,
      "end_col": 0,
      "priority": 4096,
      "right_gravity": true,
      "end_right_gravity": false,
      "hl_eol": false,
      "hl_group": "SidebarNvimNormal"
    }
  ],
  [
    9,
    8,
    0,
    {
      "end_row": 8,
      "end_col": 4,
      "priority": 4096,
      "right_gravity": true,
      "end_right_gravity": false,
      "hl_eol": false,
      "hl_group": "SidebarNvimNormal"
    }
  ],
  [
    10,
    9,
    0,
    {
      "end_row": 9,
      "end_col": 0,
      "priority": 4096,
      "right_gravity": true,
      "end_right_gravity": false,
      "hl_eol": false,
      "hl_group": "SidebarNvimNormal"
    }
  ],
  [
    11,
    10,
    0,
    {
      "end_row": 10,
      "end_col": 5,
      "priority": 4096,
      "right_gravity": true,
      "end_right_gravity": false,
      "hl_eol": false,
      "hl_group": "SidebarNvimNormal"
    }
  ],
  [
    12,
    11,
    0,
    {
      "end_row": 11,
      "end_col": 0,
      "priority": 4096,
      "right_gravity": true,
      "end_right_gravity": false,
      "hl_eol": false,
      "hl_group": "SidebarNvimNormal"
    }
  ]
]
