[[1,0,0,{"end_row":0,"hl_eol":false,"hl_group":"SidebarNvimNormal","priority":4096,"right_gravity":true,"end_col":4,"end_right_gravity":false}],[2,1,0,{"end_row":1,"hl_eol":false,"hl_group":"SidebarNvimNormal","priority":4096,"right_gravity":true,"end_col":0,"end_right_gravity":false}],[3,2,0,{"end_row":2,"hl_eol":false,"hl_group":"SidebarNvimNormal","priority":4096,"right_gravity":true,"end_col":5,"end_right_gravity":false}],[4,3,0,{"end_row":3,"hl_eol":false,"hl_group":"SidebarNvimNormal","priority":4096,"right_gravity":true,"end_col":0,"end_right_gravity":false}],[21,4,0,{"end_row":4,"hl_eol":false,"hl_group":"SidebarNvimNormal","priority":4096,"right_gravity":true,"end_col":4,"end_right_gravity":false}],[22,5,0,{"end_row":5,"hl_eol":false,"hl_group":"SidebarNvimNormal","priority":4096,"right_gravity":true,"end_col":0,"end_right_gravity":false}],[23,6,0,{"end_row":6,"hl_eol":false,"hl_group":"SidebarNvimNormal","priority":4096,"right_gravity":true,"end_col":1,"end_right_gravity":false}],[24,7,0,{"end_row":7,"hl_eol":false,"hl_group":"SidebarNvimNormal","priority":4096,"right_gravity":true,"end_col":0,"end_right_gravity":false}],[9,8,0,{"end_row":8,"hl_eol":false,"hl_group":"SidebarNvimNormal","priority":4096,"right_gravity":true,"end_col":4,"end_right_gravity":false}],[10,9,0,{"end_row":9,"hl_eol":false,"hl_group":"SidebarNvimNormal","priority":4096,"right_gravity":true,"end_col":0,"end_right_gravity":false}],[11,10,0,{"end_row":10,"hl_eol":false,"hl_group":"SidebarNvimNormal","priority":4096,"right_gravity":true,"end_col":5,"end_right_gravity":false}],[12,11,0,{"end_row":11,"hl_eol":false,"hl_group":"SidebarNvimNormal","priority":4096,"right_gravity":true,"end_col":0,"end_right_gravity":false}]]