[
  [
    1,
    0,
    0,
    {
      "hl_group": "header_hl",
      "right_gravity": true,
      "end_right_gravity": false,
      "priority": 4096,
      "hl_eol": false,
      "end_row": 0,
      "end_col": 6
    }
  ],
  [
    2,
    0,
    6,
    {
      "hl_group": "hl22",
      "right_gravity": true,
      "end_right_gravity": false,
      "priority": 4096,
      "hl_eol": false,
      "end_row": 0,
      "end_col": 8
    }
  ],
  [
    3,
    1,
    0,
    {
      "hl_group": "hl1",
      "right_gravity": true,
      "end_right_gravity": false,
      "priority": 4096,
      "hl_eol": false,
      "end_row": 1,
      "end_col": 9
    }
  ],
  [
    4,
    1,
    69,
    {
      "hl_group": "hl2",
      "right_gravity": true,
      "end_right_gravity": false,
      "priority": 4096,
      "hl_eol": false,
      "end_row": 1,
      "end_col": 80
    }
  ],
  [
    5,
    2,
    0,
    {
      "hl_group": "footer_hl",
      "right_gravity": true,
      "end_right_gravity": false,
      "priority": 4096,
      "hl_eol": false,
      "end_row": 2,
      "end_col": 6
    }
  ],
  [
    6,
    3,
    0,
    {
      "hl_group": "SidebarNvimNormal",
      "right_gravity": true,
      "end_right_gravity": false,
      "priority": 4096,
      "hl_eol": false,
      "end_row": 3,
      "end_col": 4
    }
  ],
  [
    7,
    4,
    0,
    {
      "hl_group": "SidebarNvimNormal",
      "right_gravity": true,
      "end_right_gravity": false,
      "priority": 4096,
      "hl_eol": false,
      "end_row": 4,
      "end_col": 0
    }
  ],
  [
    8,
    5,
    0,
    {
      "hl_group": "SidebarNvimNormal",
      "right_gravity": true,
      "end_right_gravity": false,
      "priority": 4096,
      "hl_eol": false,
      "end_row": 5,
      "end_col": 5
    }
  ],
  [
    9,
    6,
    0,
    {
      "hl_group": "SidebarNvimNormal",
      "right_gravity": true,
      "end_right_gravity": false,
      "priority": 4096,
      "hl_eol": false,
      "end_row": 6,
      "end_col": 0
    }
  ],
  [
    10,
    7,
    0,
    {
      "hl_group": "SidebarNvimNormal",
      "right_gravity": true,
      "end_right_gravity": false,
      "priority": 4096,
      "hl_eol": false,
      "end_row": 7,
      "end_col": 4
    }
  ],
  [
    11,
    8,
    0,
    {
      "hl_group": "SidebarNvimNormal",
      "right_gravity": true,
      "end_right_gravity": false,
      "priority": 4096,
      "hl_eol": false,
      "end_row": 8,
      "end_col": 0
    }
  ],
  [
    12,
    9,
    0,
    {
      "hl_group": "SidebarNvimNormal",
      "right_gravity": true,
      "end_right_gravity": false,
      "priority": 4096,
      "hl_eol": false,
      "end_row": 9,
      "end_col": 5
    }
  ],
  [
    13,
    10,
    0,
    {
      "hl_group": "SidebarNvimNormal",
      "right_gravity": true,
      "end_right_gravity": false,
      "priority": 4096,
      "hl_eol": false,
      "end_row": 10,
      "end_col": 0
    }
  ]
]
