[
  [
    1,
    0,
    0,
    {
      "priority": 4096,
      "end_col": 4,
      "hl_group": "SidebarNvimNormal",
      "end_row": 0,
      "end_right_gravity": false,
      "right_gravity": true,
      "hl_eol": false
    }
  ],
  [
    2,
    1,
    0,
    {
      "priority": 4096,
      "end_col": 0,
      "hl_group": "SidebarNvimNormal",
      "end_row": 1,
      "end_right_gravity": false,
      "right_gravity": true,
      "hl_eol": false
    }
  ],
  [
    3,
    2,
    0,
    {
      "priority": 4096,
      "end_col": 5,
      "hl_group": "SidebarNvimNormal",
      "end_row": 2,
      "end_right_gravity": false,
      "right_gravity": true,
      "hl_eol": false
    }
  ],
  [
    4,
    3,
    0,
    {
      "priority": 4096,
      "end_col": 0,
      "hl_group": "SidebarNvimNormal",
      "end_row": 3,
      "end_right_gravity": false,
      "right_gravity": true,
      "hl_eol": false
    }
  ],
  [
    18,
    4,
    0,
    {
      "priority": 4096,
      "end_col": 4,
      "hl_group": "SidebarNvimNormal",
      "end_row": 4,
      "end_right_gravity": false,
      "right_gravity": true,
      "hl_eol": false
    }
  ],
  [
    19,
    5,
    0,
    {
      "priority": 4096,
      "end_col": 0,
      "hl_group": "SidebarNvimNormal",
      "end_row": 5,
      "end_right_gravity": false,
      "right_gravity": true,
      "hl_eol": false
    }
  ],
  [
    20,
    6,
    0,
    {
      "priority": 4096,
      "end_col": 5,
      "hl_group": "SidebarNvimNormal",
      "end_row": 6,
      "end_right_gravity": false,
      "right_gravity": true,
      "hl_eol": false
    }
  ],
  [
    21,
    7,
    0,
    {
      "priority": 4096,
      "end_col": 0,
      "hl_group": "SidebarNvimNormal",
      "end_row": 7,
      "end_right_gravity": false,
      "right_gravity": true,
      "hl_eol": false
    }
  ],
  [
    22,
    8,
    0,
    {
      "priority": 4096,
      "end_col": 4,
      "hl_group": "SidebarNvimNormal",
      "end_row": 8,
      "end_right_gravity": false,
      "right_gravity": true,
      "hl_eol": false
    }
  ],
  [
    23,
    9,
    0,
    {
      "priority": 4096,
      "end_col": 0,
      "hl_group": "SidebarNvimNormal",
      "end_row": 9,
      "end_right_gravity": false,
      "right_gravity": true,
      "hl_eol": false
    }
  ],
  [
    24,
    10,
    0,
    {
      "priority": 4096,
      "end_col": 5,
      "hl_group": "SidebarNvimNormal",
      "end_row": 10,
      "end_right_gravity": false,
      "right_gravity": true,
      "hl_eol": false
    }
  ],
  [
    25,
    11,
    0,
    {
      "priority": 4096,
      "end_col": 0,
      "hl_group": "SidebarNvimNormal",
      "end_row": 11,
      "end_right_gravity": false,
      "right_gravity": true,
      "hl_eol": false
    }
  ],
  [
    13,
    12,
    0,
    {
      "priority": 4096,
      "end_col": 6,
      "hl_group": "header_hl",
      "end_row": 12,
      "end_right_gravity": false,
      "right_gravity": true,
      "hl_eol": false
    }
  ],
  [
    14,
    12,
    6,
    {
      "priority": 4096,
      "end_col": 8,
      "hl_group": "hl22",
      "end_row": 12,
      "end_right_gravity": false,
      "right_gravity": true,
      "hl_eol": false
    }
  ],
  [
    15,
    13,
    0,
    {
      "priority": 4096,
      "end_col": 9,
      "hl_group": "hl1",
      "end_row": 13,
      "end_right_gravity": false,
      "right_gravity": true,
      "hl_eol": false
    }
  ],
  [
    16,
    13,
    69,
    {
      "priority": 4096,
      "end_col": 80,
      "hl_group": "hl2",
      "end_row": 13,
      "end_right_gravity": false,
      "right_gravity": true,
      "hl_eol": false
    }
  ],
  [
    17,
    14,
    0,
    {
      "priority": 4096,
      "end_col": 6,
      "hl_group": "footer_hl",
      "end_row": 14,
      "end_right_gravity": false,
      "right_gravity": true,
      "hl_eol": false
    }
  ]
]
