# t1                                                                            
                                                                                
a1: 0                                                                           
                                                                                
# t2                                                                            
                                                                                
b2: 0                                                                           
                                                                                
# t3                                                                            
                                                                                
c3: 0                                                                           
                                                                                
header22                                                                        
custom_hl                                                            custom_hl_2
footer                                                                          