[[13,0,0,{"end_row":0,"end_col":4,"priority":4096,"hl_eol":false,"hl_group":"SidebarNvimNormal","right_gravity":true,"end_right_gravity":false}],[14,1,0,{"end_row":1,"end_col":0,"priority":4096,"hl_eol":false,"hl_group":"SidebarNvimNormal","right_gravity":true,"end_right_gravity":false}],[15,2,0,{"end_row":2,"end_col":5,"priority":4096,"hl_eol":false,"hl_group":"SidebarNvimNormal","right_gravity":true,"end_right_gravity":false}],[16,3,0,{"end_row":3,"end_col":0,"priority":4096,"hl_eol":false,"hl_group":"SidebarNvimNormal","right_gravity":true,"end_right_gravity":false}],[17,4,0,{"end_row":4,"end_col":4,"priority":4096,"hl_eol":false,"hl_group":"SidebarNvimNormal","right_gravity":true,"end_right_gravity":false}],[18,5,0,{"end_row":5,"end_col":0,"priority":4096,"hl_eol":false,"hl_group":"SidebarNvimNormal","right_gravity":true,"end_right_gravity":false}],[19,6,0,{"end_row":6,"end_col":5,"priority":4096,"hl_eol":false,"hl_group":"SidebarNvimNormal","right_gravity":true,"end_right_gravity":false}],[20,7,0,{"end_row":7,"end_col":0,"priority":4096,"hl_eol":false,"hl_group":"SidebarNvimNormal","right_gravity":true,"end_right_gravity":false}],[21,8,0,{"end_row":8,"end_col":4,"priority":4096,"hl_eol":false,"hl_group":"SidebarNvimNormal","right_gravity":true,"end_right_gravity":false}],[22,9,0,{"end_row":9,"end_col":0,"priority":4096,"hl_eol":false,"hl_group":"SidebarNvimNormal","right_gravity":true,"end_right_gravity":false}],[23,10,0,{"end_row":10,"end_col":5,"priority":4096,"hl_eol":false,"hl_group":"SidebarNvimNormal","right_gravity":true,"end_right_gravity":false}],[24,11,0,{"end_row":11,"end_col":0,"priority":4096,"hl_eol":false,"hl_group":"SidebarNvimNormal","right_gravity":true,"end_right_gravity":false}]]