[[13,0,0,{"priority":4096,"hl_group":"SidebarNvimNormal","right_gravity":true,"end_right_gravity":false,"end_row":0,"hl_eol":false,"end_col":4}],[14,1,0,{"priority":4096,"hl_group":"SidebarNvimNormal","right_gravity":true,"end_right_gravity":false,"end_row":1,"hl_eol":false,"end_col":0}],[15,2,0,{"priority":4096,"hl_group":"SidebarNvimNormal","right_gravity":true,"end_right_gravity":false,"end_row":2,"hl_eol":false,"end_col":5}],[16,3,0,{"priority":4096,"hl_group":"SidebarNvimNormal","right_gravity":true,"end_right_gravity":false,"end_row":3,"hl_eol":false,"end_col":0}],[25,4,0,{"priority":4096,"hl_group":"SidebarNvimNormal","right_gravity":true,"end_right_gravity":false,"end_row":4,"hl_eol":false,"end_col":4}],[26,5,0,{"priority":4096,"hl_group":"SidebarNvimNormal","right_gravity":true,"end_right_gravity":false,"end_row":5,"hl_eol":false,"end_col":0}],[27,6,0,{"priority":4096,"hl_group":"SidebarNvimNormal","right_gravity":true,"end_right_gravity":false,"end_row":6,"hl_eol":false,"end_col":1}],[28,7,0,{"priority":4096,"hl_group":"SidebarNvimNormal","right_gravity":true,"end_right_gravity":false,"end_row":7,"hl_eol":false,"end_col":1}],[29,8,0,{"priority":4096,"hl_group":"SidebarNvimNormal","right_gravity":true,"end_right_gravity":false,"end_row":8,"hl_eol":false,"end_col":1}],[30,9,0,{"priority":4096,"hl_group":"SidebarNvimNormal","right_gravity":true,"end_right_gravity":false,"end_row":9,"hl_eol":false,"end_col":1}],[31,10,0,{"priority":4096,"hl_group":"SidebarNvimNormal","right_gravity":true,"end_right_gravity":false,"end_row":10,"hl_eol":false,"end_col":1}],[32,11,0,{"priority":4096,"hl_group":"SidebarNvimNormal","right_gravity":true,"end_right_gravity":false,"end_row":11,"hl_eol":false,"end_col":0}],[21,12,0,{"priority":4096,"hl_group":"SidebarNvimNormal","right_gravity":true,"end_right_gravity":false,"end_row":12,"hl_eol":false,"end_col":4}],[22,13,0,{"priority":4096,"hl_group":"SidebarNvimNormal","right_gravity":true,"end_right_gravity":false,"end_row":13,"hl_eol":false,"end_col":0}],[23,14,0,{"priority":4096,"hl_group":"SidebarNvimNormal","right_gravity":true,"end_right_gravity":false,"end_row":14,"hl_eol":false,"end_col":5}],[24,15,0,{"priority":4096,"hl_group":"SidebarNvimNormal","right_gravity":true,"end_right_gravity":false,"end_row":15,"hl_eol":false,"end_col":0}]]